// Jest Snapshot v1, https://goo.gl/fbAQLP

exports[`When I get a DecisionTree instance from a file path And I choose a class attribute that is in the data And the correct tree is computed for the data set 1`] = `"{\\"value\\":\\"?Artist/undefined\\",\\"children\\":[{\\"value\\":\\"true\\",\\"children\\":[{\\"value\\":\\"true\\",\\"children\\":[{\\"value\\":\\"motorhead\\",\\"children\\":[],\\"attribute\\":\\"artist\\"}],\\"attribute\\":\\"loud\\"},{\\"value\\":\\"false\\",\\"children\\":[{\\"value\\":\\"bela fleck\\",\\"children\\":[],\\"attribute\\":\\"artist\\"}],\\"attribute\\":\\"loud\\"}],\\"attribute\\":\\"fast\\"},{\\"value\\":\\"false\\",\\"children\\":[{\\"value\\":\\"max richter\\",\\"children\\":[],\\"attribute\\":\\"artist\\"}],\\"attribute\\":\\"fast\\"}],\\"data\\":{\\"attributes\\":[\\"fast\\",\\"loud\\",\\"artist\\"],\\"records\\":[[\\"true\\",\\"true\\",\\"motorhead\\"],[\\"true\\",\\"false\\",\\"bela fleck\\"],[\\"false\\",\\"false\\",\\"max richter\\"]]},\\"params\\":{\\"classAttribute\\":\\"Artist\\"}}"`;
